
> osa@0.1.0 build
> next build

 ⚠ You are using a non-standard "NODE_ENV" value in your environment. This creates inconsistencies in the project and is strongly advised against. Read more: https://nextjs.org/docs/messages/non-standard-node-env
   ▲ Next.js 16.0.1 (Turbopack)
   - Environments: .env.production.local, .env.local
   - Experiments (use with caution):
     ✓ optimizeCss
     · optimizePackageImports
     · webVitalsAttribution

   Creating an optimized production build ...


Source path: ./src/app/globals.css
Setting up new context...
Finding changed files: 67.557ms
Reading changed files: 1.218s
Sorting candidates: 37.585ms
Generate rules: 412.273ms
Build stylesheet: 6.059ms
Potential classes:  31467
Active contexts:  1
JIT TOTAL: 1.988s


Source path: ./node_modules/swagger-ui-react/swagger-ui.css
JIT TOTAL: 45.868ms


 ✓ Compiled successfully in 47s
   Skipping validation of types
   Collecting page data ...
📈 [Prometheus] Registered metric: osa_pii_protections_total (counter)
📈 [Prometheus] Registered metric: osa_pii_protection_duration_seconds (histogram)
📈 [Prometheus] Registered metric: osa_agent_executions_total (counter)
📈 [Prometheus] Registered metric: osa_agent_execution_duration_seconds (histogram)
📈 [Prometheus] Registered metric: osa_agent_confidence_score (gauge)
📈 [Prometheus] Registered metric: osa_webhooks_processed_total (counter)
📈 [Prometheus] Registered metric: osa_webhook_processing_duration_seconds (histogram)
📈 [Prometheus] Registered metric: osa_webhook_payload_size_bytes (histogram)
📈 [Prometheus] Registered metric: osa_system_health_score (gauge)
📈 [Prometheus] Registered metric: osa_database_connections_active (gauge)
📈 [Prometheus] Registered metric: osa_cache_operations_total (counter)
📈 [Prometheus] Registered metric: osa_cache_hit_ratio (gauge)
📈 [Prometheus] Registered metric: osa_api_requests_total (counter)
📈 [Prometheus] Registered metric: osa_api_request_duration_seconds (histogram)
📈 [Prometheus] Registered metric: osa_api_concurrent_requests (gauge)
📈 [Prometheus] Registered metric: osa_strategy_recommendations_generated_total (counter)
📈 [Prometheus] Registered metric: osa_user_sessions_total (counter)
📈 [Prometheus] Registered metric: osa_compliance_violations_total (counter)
📊 [Prometheus] Professional metrics collector initialized with prom-client
🔗 [WebhookDelivery] Service initialized with enterprise retry logic
📈 [Metrics] Registered metric: osa_pii_protections_total (counter)
📈 [Metrics] Registered metric: osa_pii_protection_duration_ms (histogram)
📈 [Metrics] Registered metric: osa_webhooks_processed_total (counter)
📈 [Metrics] Registered metric: osa_webhook_processing_duration_ms (histogram)
📈 [Metrics] Registered metric: osa_agent_executions_total (counter)
📈 [Metrics] Registered metric: osa_agent_execution_duration_ms (histogram)
📈 [Metrics] Registered metric: osa_system_health (gauge)
📈 [Metrics] Registered metric: osa_api_requests_total (counter)
📈 [Metrics] Registered metric: osa_api_response_duration_ms (histogram)
📈 [Metrics] Registered metric: osa_uptime_seconds (gauge)
📊 [Metrics] Metrics Manager initialized with Prometheus compatibility
✅ [FileStorage] Storage directories initialized
📊 Database connection pooling enabled for OPAL data store
📊 Database connection pooling enabled for OPAL data store
🚀 [EventBus] Initialized with Supabase Realtime
🚀 [EventBus] Initialized with Supabase Realtime
🔧 [Safety] Environment configuration: {
  USE_REAL_OPAL_DATA: false,
  NODE_ENV: 'production',
  database_available: true
}
🔧 [Safety] Environment configuration: {
  USE_REAL_OPAL_DATA: false,
  NODE_ENV: 'production',
  database_available: true
}
GA4 not configured, will use mock data
💾 [Cache] Intelligent cache system initialized
💾 [Cache] Tier configuration: {
  tier1: '300s TTL, 15m validation',
  tier2: '600s TTL, 30m validation',
  tier3: '900s TTL, 45m validation'
}
✅ [FileStorage] Storage directories initialized
💾 [Cache] Intelligent cache system initialized
💾 [Cache] Tier configuration: {
  tier1: '300s TTL, 15m validation',
  tier2: '600s TTL, 30m validation',
  tier3: '900s TTL, 45m validation'
}
🔧 [Safety] Environment configuration: {
  USE_REAL_OPAL_DATA: false,
  NODE_ENV: 'production',
  database_available: true
}
⚙️ [Jobs] Background job system initialized
⚙️ [Jobs] Configuration: {
  cache_validation: '*/30 * * * *',
  cache_warming: 'on_startup',
  cross_page_sync: '*/15 * * * *'
}
🔧 [Safety] Environment configuration: {
  USE_REAL_OPAL_DATA: false,
  NODE_ENV: 'production',
  database_available: true
}
🔧 [Safety] Environment configuration: {
  USE_REAL_OPAL_DATA: false,
  NODE_ENV: 'production',
  database_available: true
}
💾 [Cache] Intelligent cache system initialized
💾 [Cache] Tier configuration: {
  tier1: '300s TTL, 15m validation',
  tier2: '600s TTL, 30m validation',
  tier3: '900s TTL, 45m validation'
}
⚠️ [Claude] No API key provided - Claude enhancements will be disabled
🤖 [Claude] Integration initialized with model: claude-3-sonnet-20240229
⚙️ [Jobs] Background job system initialized
⚙️ [Jobs] Configuration: {
  cache_validation: '*/30 * * * *',
  cache_warming: 'on_startup',
  cross_page_sync: '*/15 * * * *'
}
📡 [EventStreaming] Webhook event streaming system initialized
📊 [EventStreaming] Metrics collection started
🧹 [EventStreaming] Event cleanup started
🔧 [Safety] Environment configuration: {
  USE_REAL_OPAL_DATA: false,
  NODE_ENV: 'production',
  database_available: true
}
💾 [Cache] Intelligent cache system initialized
💾 [Cache] Tier configuration: {
  tier1: '300s TTL, 15m validation',
  tier2: '600s TTL, 30m validation',
  tier3: '900s TTL, 45m validation'
}
⚠️ [Claude] No API key provided - Claude enhancements will be disabled
🤖 [Claude] Integration initialized with model: claude-3-sonnet-20240229
⚙️ [Jobs] Background job system initialized
⚙️ [Jobs] Configuration: {
  cache_validation: '*/30 * * * *',
  cache_warming: 'on_startup',
  cross_page_sync: '*/15 * * * *'
}
💾 [Cache] Intelligent cache system initialized
💾 [Cache] Tier configuration: {
  tier1: '300s TTL, 15m validation',
  tier2: '600s TTL, 30m validation',
  tier3: '900s TTL, 45m validation'
}
⚠️ [Claude] No API key provided - Claude enhancements will be disabled
🤖 [Claude] Integration initialized with model: claude-3-sonnet-20240229
⚙️ [Jobs] Background job system initialized
⚙️ [Jobs] Configuration: {
  cache_validation: '*/30 * * * *',
  cache_warming: 'on_startup',
  cross_page_sync: '*/15 * * * *'
}
🚀 [EventBus] Initialized with Supabase Realtime
🚀 [EventBus] Initialized with Supabase Realtime
🚀 [EventBus] Initialized with Supabase Realtime
🚀 [EventBus] Initialized with Supabase Realtime
🔧 [Safety] Environment configuration: {
  USE_REAL_OPAL_DATA: false,
  NODE_ENV: 'production',
  database_available: true
}
💾 [Cache] Intelligent cache system initialized
💾 [Cache] Tier configuration: {
  tier1: '300s TTL, 15m validation',
  tier2: '600s TTL, 30m validation',
  tier3: '900s TTL, 45m validation'
}
⚠️ [Claude] No API key provided - Claude enhancements will be disabled
🤖 [Claude] Integration initialized with model: claude-3-sonnet-20240229
⚙️ [Jobs] Background job system initialized
⚙️ [Jobs] Configuration: {
  cache_validation: '*/30 * * * *',
  cache_warming: 'on_startup',
  cross_page_sync: '*/15 * * * *'
}
🔐 [WebhookSec] Security system initialized with HMAC and rate limiting
🔗 [CrossPage] Dependency system initialized
🌐 [Phase3Webhook] Enhanced webhook pipeline initialized
📡 [EventStreaming] Webhook event streaming system initialized
📊 [EventStreaming] Metrics collection started
🧹 [EventStreaming] Event cleanup started
🔄 [CacheCoordinator] Webhook cache coordination system initialized
📈 [Prometheus] Registered metric: osa_pii_protections_total (counter)
📈 [Prometheus] Registered metric: osa_pii_protection_duration_seconds (histogram)
📈 [Prometheus] Registered metric: osa_agent_executions_total (counter)
📈 [Prometheus] Registered metric: osa_agent_execution_duration_seconds (histogram)
📈 [Prometheus] Registered metric: osa_agent_confidence_score (gauge)
📈 [Prometheus] Registered metric: osa_webhooks_processed_total (counter)
📈 [Prometheus] Registered metric: osa_webhook_processing_duration_seconds (histogram)
📈 [Prometheus] Registered metric: osa_webhook_payload_size_bytes (histogram)
📈 [Prometheus] Registered metric: osa_system_health_score (gauge)
📈 [Prometheus] Registered metric: osa_database_connections_active (gauge)
📈 [Prometheus] Registered metric: osa_cache_operations_total (counter)
📈 [Prometheus] Registered metric: osa_cache_hit_ratio (gauge)
📈 [Prometheus] Registered metric: osa_api_requests_total (counter)
📈 [Prometheus] Registered metric: osa_api_request_duration_seconds (histogram)
📈 [Prometheus] Registered metric: osa_api_concurrent_requests (gauge)
📈 [Prometheus] Registered metric: osa_strategy_recommendations_generated_total (counter)
📈 [Prometheus] Registered metric: osa_user_sessions_total (counter)
📈 [Prometheus] Registered metric: osa_compliance_violations_total (counter)
📊 [Prometheus] Professional metrics collector initialized with prom-client
🚀 [EventBus] Initialized with Supabase Realtime
🚀 [EventBus] Initialized with Supabase Realtime
✅ [FileStorage] Storage directories initialized
   Generating static pages (0/148) ...
🔧 [Safety] Environment configuration: {
  USE_REAL_OPAL_DATA: false,
  NODE_ENV: 'production',
  database_available: true
}
📊 Database connection pooling enabled for OPAL data store
🚀 [EventBus] Initialized with Supabase Realtime
💾 [Cache] Intelligent cache system initialized
💾 [Cache] Tier configuration: {
  tier1: '300s TTL, 15m validation',
  tier2: '600s TTL, 30m validation',
  tier3: '900s TTL, 45m validation'
}
⚠️ [Claude] No API key provided - Claude enhancements will be disabled
🤖 [Claude] Integration initialized with model: claude-3-sonnet-20240229
⚙️ [Jobs] Background job system initialized
⚙️ [Jobs] Configuration: {
  cache_validation: '*/30 * * * *',
  cache_warming: 'on_startup',
  cross_page_sync: '*/15 * * * *'
}
   Generating static pages (37/148) 
✅ [FileStorage] Storage directories initialized
✅ [FileStorage] Storage directories initialized
📡 [EventStreaming] Webhook event streaming system initialized
📊 [EventStreaming] Metrics collection started
🧹 [EventStreaming] Event cleanup started
🔐 [WebhookSec] Security system initialized with HMAC and rate limiting
🔗 [CrossPage] Dependency system initialized
🌐 [Phase3Webhook] Enhanced webhook pipeline initialized
🔄 [CacheCoordinator] Webhook cache coordination system initialized
Each child in a list should have a unique "key" prop.

Check the top-level render call using <__next_viewport_boundary__>. See https://react.dev/link/warning-keys for more information.
Each child in a list should have a unique "key" prop.

Check the top-level render call using <html>. See https://react.dev/link/warning-keys for more information.
Each child in a list should have a unique "key" prop.

Check the top-level render call using <meta>. See https://react.dev/link/warning-keys for more information.
Each child in a list should have a unique "key" prop.

Check the top-level render call using <head>. See https://react.dev/link/warning-keys for more information.
Each child in a list should have a unique "key" prop.

Check the top-level render call using <__next_viewport_boundary__>. See https://react.dev/link/warning-keys for more information.
Each child in a list should have a unique "key" prop.

Check the top-level render call using <V>. See https://react.dev/link/warning-keys for more information.
Each child in a list should have a unique "key" prop.

Check the top-level render call using <meta>. See https://react.dev/link/warning-keys for more information.
Each child in a list should have a unique "key" prop.

Check the top-level render call using <head>. See https://react.dev/link/warning-keys for more information.
🚀 [EventBus] Initialized with Supabase Realtime
Each child in a list should have a unique "key" prop.

Check the top-level render call using <__next_viewport_boundary__>. See https://react.dev/link/warning-keys for more information.
Each child in a list should have a unique "key" prop.

Check the top-level render call using <html>. See https://react.dev/link/warning-keys for more information.
Each child in a list should have a unique "key" prop.

Check the top-level render call using <meta>. See https://react.dev/link/warning-keys for more information.
Each child in a list should have a unique "key" prop.

Check the top-level render call using <head>. See https://react.dev/link/warning-keys for more information.
Each child in a list should have a unique "key" prop.

Check the top-level render call using <meta>. See https://react.dev/link/warning-keys for more information.
Each child in a list should have a unique "key" prop.

Check the top-level render call using <html>. See https://react.dev/link/warning-keys for more information.
Each child in a list should have a unique "key" prop.

Check the top-level render call using <__next_viewport_boundary__>. See https://react.dev/link/warning-keys for more information.
Each child in a list should have a unique "key" prop.

Check the top-level render call using <html>. See https://react.dev/link/warning-keys for more information.
Each child in a list should have a unique "key" prop.

Check the top-level render call using <meta>. See https://react.dev/link/warning-keys for more information.
Each child in a list should have a unique "key" prop.

Check the top-level render call using <head>. See https://react.dev/link/warning-keys for more information.
Each child in a list should have a unique "key" prop.

Check the top-level render call using <meta>. See https://react.dev/link/warning-keys for more information.
Each child in a list should have a unique "key" prop.

Check the top-level render call using <head>. See https://react.dev/link/warning-keys for more information.
✅ [FileStorage] Storage directories initialized
Each child in a list should have a unique "key" prop.

Check the top-level render call using <__next_viewport_boundary__>. See https://react.dev/link/warning-keys for more information.
Each child in a list should have a unique "key" prop.

Check the top-level render call using <html>. See https://react.dev/link/warning-keys for more information.
Each child in a list should have a unique "key" prop.

Check the top-level render call using <meta>. See https://react.dev/link/warning-keys for more information.
Each child in a list should have a unique "key" prop.

Check the top-level render call using <head>. See https://react.dev/link/warning-keys for more information.
Each child in a list should have a unique "key" prop.

Check the top-level render call using <__next_viewport_boundary__>. See https://react.dev/link/warning-keys for more information.
Each child in a list should have a unique "key" prop.

Check the top-level render call using <html>. See https://react.dev/link/warning-keys for more information.
Each child in a list should have a unique "key" prop.

Check the top-level render call using <meta>. See https://react.dev/link/warning-keys for more information.
Each child in a list should have a unique "key" prop.

Check the top-level render call using <head>. See https://react.dev/link/warning-keys for more information.
Each child in a list should have a unique "key" prop.

Check the top-level render call using <html>. See https://react.dev/link/warning-keys for more information.
Each child in a list should have a unique "key" prop.

Check the top-level render call using <__next_viewport_boundary__>. See https://react.dev/link/warning-keys for more information.
Each child in a list should have a unique "key" prop.

Check the top-level render call using <html>. See https://react.dev/link/warning-keys for more information.
Each child in a list should have a unique "key" prop.

Check the top-level render call using <meta>. See https://react.dev/link/warning-keys for more information.
Each child in a list should have a unique "key" prop.

Check the top-level render call using <meta>. See https://react.dev/link/warning-keys for more information.
Each child in a list should have a unique "key" prop.

Check the top-level render call using <head>. See https://react.dev/link/warning-keys for more information.
Each child in a list should have a unique "key" prop.

Check the top-level render call using <head>. See https://react.dev/link/warning-keys for more information.
Each child in a list should have a unique "key" prop.

Check the top-level render call using <__next_viewport_boundary__>. See https://react.dev/link/warning-keys for more information.
Each child in a list should have a unique "key" prop.

Check the top-level render call using <html>. See https://react.dev/link/warning-keys for more information.
Each child in a list should have a unique "key" prop.

Check the top-level render call using <meta>. See https://react.dev/link/warning-keys for more information.
Each child in a list should have a unique "key" prop.

Check the top-level render call using <head>. See https://react.dev/link/warning-keys for more information.
Error occurred prerendering page "/_global-error". Read more: https://nextjs.org/docs/messages/prerender-error
TypeError: Cannot read properties of null (reading 'useContext')
    at ignore-listed frames {
  digest: '828963042'
}
Export encountered an error on /_global-error/page: /_global-error, exiting the build.
 ⨯ Next.js build worker exited with code: 1 and signal: null
